//** NOTES **\\

getting smlar on kindred-britain-edit and kindred-britain-prod
http://blog.databasepatterns.com/2014/07/postgresql-install-smlar-extension.html

$ make install error

[cidr@cidr-kindred-britain-edit smlar]$ sudo make install
Makefile:23: ../../src/Makefile.global: No such file or directory
Makefile:24: /contrib/contrib-global.mk: No such file or directory
make: *** No rule to make target `/contrib/contrib-global.mk'.  Stop.

Makefile
******
MODULE_big = smlar
OBJS = smlar.o smlar_gist.o smlar_gin.o smlar_cache.o \
		tsarr.o smlar_guc.o smlar_stat.o

EXTENSION = smlar
DATA = smlar--1.0.sql  smlar--unpackaged--1.0.sql
REGRESS = smlar int2 int4 int8 float4 float8 money oid \
		timestamp timestamptz time timetz date interval \
		macaddr	inet cidr \
		text varchar char bytea bit varbit numeric \
		int4g int8g intervalg textg \
		int4i int8i intervali texti \
		composite_int4 composite_text

ifdef USE_PGXS
PG_CONFIG = pg_config
PGXS := $(shell $(PG_CONFIG) --pgxs)
include $(PGXS)
else
subdir = contrib/smlar
top_builddir = ../..
include $(top_builddir)/src/Makefile.global
include $(top_srcdir)/contrib/contrib-global.mk
endif











- db needs to be a dump of orbis-prod:kblean, NOT created by rake db:create

# on orbis-prod
$ pg_dump -U postgres -p 5432 -F c -n public -c -x -O -d kblean -f ~/pgbackup/kindred_full_20160324.backup

# locally
$ pg_dump -F c -n public -c -x -O -d kb_test -f /kb/dump/kb_test_20160601.backup

# on cidr-kindred-britain-edit
$ pg_restore -d kb_edit -c -O dumps/kb_test_20160601.backup


  -F format=custom
  -n schema=public
  -c clean
  -x no privileges
  -O no owner
